[egepenakcayapi.com/index.html]
[backblue.gif]
[fade.gif]
[index.html]
[pagead2.googlesyndication.com/pagead/js/f299b.txt]
[egepenakcayapi.com/wp-content/cache/wpfc-minified/76wznts3/9rf2c.css]
[egepenakcayapi.com/feed/index.html]
[egepenakcayapi.com/wp-content/cache/wpfc-minified/7x953ny0/9rf2c.css]
[egepenakcayapi.com/comments/feed/index.html]
[egepenakcayapi.com/wp-content/cache/wpfc-minified/ldevx7ms/9rf2c.js]
[egepenakcayapi.com/wp-json/index.html]
[egepenakcayapi.com/wp-json/wp/v2/pages/2904.json]
[egepenakcayapi.com/xmlrpc0db0.php]
[egepenakcayapi.com/wp-json/oembed/1.0/embedc5b8.json]
[egepenakcayapi.com/wp-json/oembed/1.0/embed8ef4]
[egepenakcayapi.com/wp-content/uploads/2023/03/cropped-simge2023-32x32.png]
[egepenakcayapi.com/wp-content/uploads/2023/03/cropped-simge2023-192x192.png]
[egepenakcayapi.com/wp-content/uploads/2023/03/cropped-simge2023-180x180.png]
[egepenakcayapi.com/wp-content/uploads/2023/03/2-banner.gif]
[egepenakcayapi.com/wp-content/uploads/2023/03/sineklik-232x300.jpg]
[egepenakcayapi.com/wp-content/uploads/2023/03/old-typical-phone-300x300.png]
[egepenakcayapi.com/egepenakcayapi/index.html]
[egepenakcayapi.com/wp-content/uploads/2022/05/sineklik-4.jpg]
[egepenakcayapi.com/wp-content/uploads/2022/05/sineklik-6.jpg]
[egepenakcayapi.com/wp-content/uploads/2022/05/sineklik-7.jpg]
[egepenakcayapi.com/wp-content/uploads/2022/05/sineklik-8.jpg]
[egepenakcayapi.com/wp-content/uploads/2022/05/sineklik-10.jpg]
[egepenakcayapi.com/pvc/index.html]
[egepenakcayapi.com/wp-content/uploads/2022/05/sineklik-3.jpg]
[egepenakcayapi.com/wp-content/uploads/2023/03/address-300x300.png]
[egepenakcayapi.com/wp-content/uploads/2023/03/smartphone-300x300.png]
[egepenakcayapi.com/wp-content/uploads/2023/03/location-pin-300x300.png]
[egepenakcayapi.com/aluminyum-dograma/index.html]
[egepenakcayapi.com/cam-balkon/index.html]
[egepenakcayapi.com/dusakabin/index.html]
[egepenakcayapi.com/panjur/index.html]
[egepenakcayapi.com/wp-content/cache/wpfc-minified/6zsmmfgi/9rf2c.css]
[egepenakcayapi.com/category/kolay-cozumler/index.html]
[egepenakcayapi.com/wp-content/plugins/creame-whatsapp-me/public/js/qr-creator.min8a54.js]
[egepenakcayapi.com/wp-content/plugins/creame-whatsapp-me/public/js/joinchat.mind42d.js]
[egepenakcayapi.com/video-galeri/index.html]
[egepenakcayapi.com/wp-content/plugins/woowgallery/assets/js/lightbox/woowlightbox1576.js]
[egepenakcayapi.com/index.html]
[egepenakcayapi.com/wp-content/plugins/woowgallery/skins/amron/assets/amron8d1e.js]
[egepenakcayapi.com/wp-content/cache/wpfc-minified/76wznts3/9rf2c.css]
[egepenakcayapi.com/enerji-tasarrufu-hesaplama/index.html]
[egepenakcayapi.com/iletisim/index.html]
[egepenakcayapi.com/wp-content/themes/MH magazine Pro/fonts/flexslider-icon.eot]
[egepenakcayapi.com/gizlilik-politikasi/index.html]
[egepenakcayapi.com/etkili-sineklik-secimi-ve-sineklerle-mucadelede-oneriler/index.html]
[egepenakcayapi.com/neden-egepen-deceuninck/index.html]
[egepenakcayapi.com/4990-2/index.html]
[egepenakcayapi.com/wp-content/cache/wpfc-minified/7x953ny0/9rf2c.css]
[egepenakcayapi.com/4741-2/index.html]
[egepenakcayapi.com/legend-art-pencere-sistemleri/index.html]
[egepenakcayapi.com/legend-pvc-pencereler-nedir-nasil-calisir/index.html]
[egepenakcayapi.com/wp-content/themes/MH magazine Pro/fonts/fontawesome-webfont3e6e.eot]
[egepenakcayapi.com/pvc-dograma-camlarda-olusan-terleme-nasil-onlenir-cozuldu/index.html]
[egepenakcayapi.com/pvc-dogramalarda-aksesuar-nedir-ve-cam-neden-onemlidir/index.html]
[egepenakcayapi.com/wp-json/wp/v2/pages/1150.json]
[egepenakcayapi.com/zendow-pencereler/index.html]
[egepenakcayapi.com/wp-json/oembed/1.0/embedd4cb.json]
[egepenakcayapi.com/kapi-gicirdamasi-nasil-giderilir-cozuldu/index.html]
[egepenakcayapi.com/wp-json/oembed/1.0/embed980e]
[egepenakcayapi.com/wp-content/uploads/2023/03/cam-balkon-1-1-300x169.jpg]
[egepenakcayapi.com/wp-content/cache/wpfc-minified/dpmgzvt/9rf2c.css]
[egepenakcayapi.com/wp-content/plugins/creame-whatsapp-me/public/js/joinchat.min52c7.js]
[egepenakcayapi.com/egepenakcayapi/index.html]
[egepenakcayapi.com/wp-json/wp/v2/pages/3193.json]
[egepenakcayapi.com/wp-json/oembed/1.0/embed6342.json]
[egepenakcayapi.com/wp-json/oembed/1.0/embed7cfd]
[egepenakcayapi.com/wp-content/uploads/2023/03/pvc1-e1678013234270-291x300.jpg]
[egepenakcayapi.com/wp-content/uploads/2022/05/egepenakcayapi-pvc-16.jpg]
[egepenakcayapi.com/wp-content/uploads/2022/05/egepenakcayapi-pvc-11.jpg]
[egepenakcayapi.com/wp-content/uploads/2022/05/egepenakcayapi-pvc-13.jpg]
[egepenakcayapi.com/wp-content/uploads/2022/05/egepenakcayapi-pvc-1.jpg]
[egepenakcayapi.com/wp-content/uploads/2022/05/egepenakcayapi-pvc-2.jpg]
[egepenakcayapi.com/wp-content/uploads/2022/05/egepenakcayapi-pvc-3.jpg]
[egepenakcayapi.com/wp-content/uploads/2022/05/egepenakcayapi-pvc-4.jpg]
[egepenakcayapi.com/wp-content/uploads/2022/05/egepenakcayapi-pvc-5.jpg]
[egepenakcayapi.com/wp-content/uploads/2022/05/egepenakcayapi-pvc-6.jpg]
[egepenakcayapi.com/wp-content/uploads/2022/05/egepenakcayapi-pvc-7.jpg]
[egepenakcayapi.com/wp-content/uploads/2022/05/egepenakcayapi-pvc-8.jpg]
[egepenakcayapi.com/wp-content/uploads/2022/05/egepenakcayapi-pvc-9.jpg]
[egepenakcayapi.com/wp-content/uploads/2022/05/egepenakcayapi-pvc-10.jpg]
[egepenakcayapi.com/wp-content/uploads/2022/05/egepenakcayapi-pvc-14.jpg]
[egepenakcayapi.com/wp-content/uploads/2022/05/egepenakcayapi-pvc-18.jpg]
[egepenakcayapi.com/wp-content/uploads/2022/05/egepenakcayapi-pvc-19.jpg]
[egepenakcayapi.com/pvc/index.html]
[egepenakcayapi.com/wp-json/wp/v2/pages/2827.json]
[egepenakcayapi.com/wp-json/oembed/1.0/embed6fe1.json]
[egepenakcayapi.com/wp-json/oembed/1.0/embed8811]
[egepenakcayapi.com/wp-content/uploads/2023/03/aluminium1-300x200.jpg]
[egepenakcayapi.com/wp-content/uploads/2022/05/aluminyum-1.jpg]
[egepenakcayapi.com/wp-content/uploads/2022/05/aluminyum-2.jpg]
[egepenakcayapi.com/wp-content/uploads/2022/05/aluminyum-3.jpg]
[egepenakcayapi.com/wp-content/uploads/2022/05/aluminyum-4.jpg]
[egepenakcayapi.com/wp-content/uploads/2022/05/aluminyum-5.jpg]
[egepenakcayapi.com/wp-content/uploads/2022/05/aluminyum-6.jpg]
[egepenakcayapi.com/wp-content/uploads/2022/05/aluminyum-7.jpg]
[egepenakcayapi.com/wp-content/uploads/2022/05/aluminyum-8.jpg]
[egepenakcayapi.com/aluminyum-dograma/index.html]
[egepenakcayapi.com/wp-content/uploads/2022/05/aluminyum-9.jpg]
[egepenakcayapi.com/wp-json/wp/v2/pages/3098.json]
[egepenakcayapi.com/wp-json/oembed/1.0/embed4bf6.json]
[egepenakcayapi.com/wp-json/oembed/1.0/embedfe93]
[egepenakcayapi.com/wp-content/uploads/2022/05/cam-balkon-1-300x169.jpg]
[egepenakcayapi.com/wp-content/uploads/2022/05/cam-balkon-1.jpg]
[egepenakcayapi.com/wp-content/uploads/2022/05/cam-balkon-2.jpg]
[egepenakcayapi.com/wp-content/uploads/2022/05/cam-balkon-3.jpg]
[egepenakcayapi.com/wp-content/uploads/2022/05/cam-balkon-4.jpg]
[egepenakcayapi.com/wp-content/uploads/2022/05/cam-balkon-5.jpg]
[egepenakcayapi.com/wp-content/uploads/2022/05/cam-balkon-6.jpg]
[egepenakcayapi.com/wp-content/uploads/2022/05/cam-balkon-7.jpg]
[egepenakcayapi.com/wp-content/uploads/2022/05/cam-balkon-8.jpg]
[egepenakcayapi.com/wp-content/uploads/2022/05/cam-balkon-9.jpg]
[egepenakcayapi.com/wp-content/uploads/2022/05/cam-balkon-perdesi-1.jpg]
[egepenakcayapi.com/wp-content/uploads/2022/05/cam-balkon-perdesi-3.jpg]
[egepenakcayapi.com/cam-balkon/index.html]
[egepenakcayapi.com/wp-json/wp/v2/pages/3190.json]
[egepenakcayapi.com/wp-json/oembed/1.0/embedb53e.json]
[egepenakcayapi.com/wp-json/oembed/1.0/embed792a]
[egepenakcayapi.com/wp-content/uploads/2022/05/dusakabin-5-282x300.jpg]
[egepenakcayapi.com/wp-content/uploads/2022/05/dusakabin-1.jpg]
[egepenakcayapi.com/wp-content/uploads/2022/05/dusakabin-2.jpg]
[egepenakcayapi.com/wp-content/uploads/2022/05/dusakabin-4.jpg]
[egepenakcayapi.com/wp-content/uploads/2022/05/dusakabin-6.jpg]
[egepenakcayapi.com/wp-content/uploads/2022/05/dusakabin-7.jpg]
[egepenakcayapi.com/wp-content/uploads/2022/05/dusakabin-8.jpg]
[egepenakcayapi.com/wp-content/uploads/2022/05/dusakabin-9.jpg]
[egepenakcayapi.com/wp-content/uploads/2022/05/dusakabin-10.jpg]
[egepenakcayapi.com/dusakabin/index.html]
[egepenakcayapi.com/wp-json/wp/v2/pages/3196.json]
[egepenakcayapi.com/wp-json/oembed/1.0/embed7ae1.json]
[egepenakcayapi.com/wp-json/oembed/1.0/embedee25]
[egepenakcayapi.com/wp-content/uploads/2022/05/panjur-1-300x169.jpg]
[egepenakcayapi.com/wp-content/uploads/2022/05/panjur-1.jpg]
[egepenakcayapi.com/wp-content/uploads/2022/05/panjur-2.jpg]
[egepenakcayapi.com/wp-content/uploads/2022/05/panjur-3.jpg]
[egepenakcayapi.com/panjur/index.html]
[egepenakcayapi.com/wp-json/wp/v2/categories/135.json]
[egepenakcayapi.com/category/kolay-cozumler/feed/index.html]
[egepenakcayapi.com/wp-content/uploads/2023/07/sineklik-alm-326x245.jpg]
[egepenakcayapi.com/wp-content/uploads/2023/03/egepen_logo-1-326x245.jpg]
[egepenakcayapi.com/wp-content/uploads/2023/03/surme-286x245.jpg]
[egepenakcayapi.com/2023/07/index.html]
[egepenakcayapi.com/wp-content/uploads/2023/03/legend-surme-326x245.jpg]
[egepenakcayapi.com/wp-content/uploads/2023/03/legen-art2-326x245.jpg]
[egepenakcayapi.com/wp-content/uploads/2023/03/Legend1-1-326x245.jpg]
[egepenakcayapi.com/wp-content/uploads/2022/05/pencere-buhar-326x245.jpg]
[egepenakcayapi.com/author/akcaizorba/index.html]
[egepenakcayapi.com/wp-content/uploads/2023/03/pvc-dograma-16-326x245.jpg]
[egepenakcayapi.com/wp-content/uploads/2019/08/gicirti-326x245.jpg]
[egepenakcayapi.com/category/kolay-cozumler/index.html]
[egepenakcayapi.com/2023/03/index.html]
[egepenakcayapi.com/wp-json/wp/v2/pages/3067.json]
[egepenakcayapi.com/2022/05/index.html]
[egepenakcayapi.com/wp-json/oembed/1.0/embed6e55.json]
[egepenakcayapi.com/2019/10/index.html]
[egepenakcayapi.com/wp-json/oembed/1.0/embed6b7c]
[egepenakcayapi.com/video-galeri/index.html]
[egepenakcayapi.com/2019/08/index.html]
[egepenakcayapi.com/wp-json/wp/v2/pages/5203.json]
[egepenakcayapi.com/wp-json/oembed/1.0/embed0108.json]
[egepenakcayapi.com/wp-json/oembed/1.0/embed73fb]
[egepenakcayapi.com/enerji-tasarrufu-hesaplama/index.html]
[egepenakcayapi.com/wp-json/wp/v2/pages/4935.json]
[egepenakcayapi.com/wp-json/oembed/1.0/embed192b.json]
[egepenakcayapi.com/wp-json/oembed/1.0/embed9ded]
[egepenakcayapi.com/iletisim/index.html]
[egepenakcayapi.com/wp-json/wp/v2/pages/3.json]
[egepenakcayapi.com/wp-json/oembed/1.0/embed3255.json]
[egepenakcayapi.com/gizlilik-politikasi/index.html]
[egepenakcayapi.com/wp-json/oembed/1.0/embed8eba]
[egepenakcayapi.com/wp-json/wp/v2/posts/5239.json]
[egepenakcayapi.com/wp-json/oembed/1.0/embeda8ec.json]
[egepenakcayapi.com/wp-json/oembed/1.0/embed96e8]
[egepenakcayapi.com/etkili-sineklik-secimi-ve-sineklerle-mucadelede-oneriler/index.html]
[egepenakcayapi.com/wp-content/uploads/2023/03/egepen_logo-1-80x60.jpg]
[egepenakcayapi.com/wp-json/wp/v2/posts/5189.json]
[egepenakcayapi.com/wp-json/oembed/1.0/embed472c.json]
[egepenakcayapi.com/wp-json/oembed/1.0/embedff30]
[egepenakcayapi.com/wp-content/uploads/2023/03/surme-80x60.jpg]
[egepenakcayapi.com/wp-content/uploads/2023/07/sineklik-alm-80x60.jpg]
[egepenakcayapi.com/neden-egepen-deceuninck/index.html]
[egepenakcayapi.com/wp-json/wp/v2/posts/4990.json]
[egepenakcayapi.com/wp-json/oembed/1.0/embedeb62.json]
[egepenakcayapi.com/wp-json/oembed/1.0/embed48fd]
[egepenakcayapi.com/4990-2/index.html]
[egepenakcayapi.com/wp-content/uploads/2023/03/legend-surme-80x60.jpg]
[egepenakcayapi.com/wp-json/wp/v2/posts/4741.json]
[egepenakcayapi.com/wp-json/oembed/1.0/embed66ad.json]
[egepenakcayapi.com/wp-json/oembed/1.0/embed6aa2]
[egepenakcayapi.com/wp-content/uploads/2023/03/legend-surme-300x200.jpg]
[egepenakcayapi.com/4741-2/index.html]
[egepenakcayapi.com/wp-content/uploads/2023/03/legen-art2-80x60.jpg]
[egepenakcayapi.com/wp-json/wp/v2/posts/4732.json]
[egepenakcayapi.com/wp-json/oembed/1.0/embed4fbf.json]
[egepenakcayapi.com/wp-json/oembed/1.0/embedf7ea]
[egepenakcayapi.com/wp-content/uploads/2023/03/legen-art2-300x180.jpg]
[egepenakcayapi.com/legend-art-pencere-sistemleri/index.html]
[egepenakcayapi.com/wp-content/uploads/2023/03/Legend1-1-80x60.jpg]
[egepenakcayapi.com/wp-json/wp/v2/posts/3752.json]
[egepenakcayapi.com/wp-json/oembed/1.0/embed35f6.json]
[egepenakcayapi.com/wp-json/oembed/1.0/embedbc4a]
[egepenakcayapi.com/wp-content/uploads/2023/03/Legend1-1-300x180.jpg]
[egepenakcayapi.com/wp-content/uploads/2022/05/pencere-buhar-80x60.jpg]
[egepenakcayapi.com/legend-pvc-pencereler-nedir-nasil-calisir/index.html]
[egepenakcayapi.com/wp-json/wp/v2/posts/3602.json]
[egepenakcayapi.com/wp-json/oembed/1.0/embedd9ae.json]
[egepenakcayapi.com/wp-json/oembed/1.0/embed84f0]
[egepenakcayapi.com/wp-content/uploads/2022/05/pencere-buhar-300x200.jpg]
[egepenakcayapi.com/pvc-dograma-camlarda-olusan-terleme-nasil-onlenir-cozuldu/index.html]
[egepenakcayapi.com/wp-content/uploads/2023/03/pvc-dograma-16-80x60.jpg]
[egepenakcayapi.com/wp-json/wp/v2/posts/1181.json]
[egepenakcayapi.com/wp-json/oembed/1.0/embed1874.json]
[egepenakcayapi.com/wp-json/oembed/1.0/embed51e3]
[egepenakcayapi.com/pvc-dogramalarda-aksesuar-nedir-ve-cam-neden-onemlidir/index.html]
[egepenakcayapi.com/wp-content/uploads/2023/03/pvc-dograma-16-1024x576.jpg]
[egepenakcayapi.com/wp-json/wp/v2/posts/938.json]
[egepenakcayapi.com/wp-json/oembed/1.0/embeddd56.json]
[egepenakcayapi.com/wp-json/oembed/1.0/embeda63d]
[egepenakcayapi.com/wp-content/uploads/2019/08/gicirti-80x60.jpg]
[egepenakcayapi.com/zendow-pencereler/index.html]
[egepenakcayapi.com/wp-json/wp/v2/posts/883.json]
[egepenakcayapi.com/wp-json/oembed/1.0/embedd081.json]
[egepenakcayapi.com/wp-json/oembed/1.0/embedc275]
[egepenakcayapi.com/kapi-gicirdamasi-nasil-giderilir-cozuldu/index.html]
[egepenakcayapi.com/wp-content/uploads/2019/08/gicirti-300x290.jpg]
[egepenakcayapi.com/wp-content/cache/wpfc-minified/6zsmmfgi/9rf2c.css]
[egepenakcayapi.com/index8b53.html]
[egepenakcayapi.com/wp-content/cache/wpfc-minified/dpmgzvt/9rf2c.css]
[egepenakcayapi.com/index539d.html]
[egepenakcayapi.com/index2cee.html]
[egepenakcayapi.com/index0dfe.html]
[www.egepen.com.tr/images/pp1.html]
[www.egepen.com.tr/images/egepen_logo.html]
[egepenakcayapi.com/indexb202.html]
[egepenakcayapi.com/index5c37.html]
[egepenakcayapi.com/wp-content/plugins/woowgallery/assets/css/woowgallery1576.css]
[egepenakcayapi.com/2023/07/index.html]
[egepenakcayapi.com/iletisim-egepenakcayapi-kimdir/index.html]
[egepenakcayapi.com/author/akcaizorba/index.html]
[egepenakcayapi.com/2023/03/index.html]
[egepenakcayapi.com/2022/05/index.html]
[egepenakcayapi.com/2023/index.html]
[egepenakcayapi.com/2019/10/index.html]
[egepenakcayapi.com/author/akcaizorba/feed/index.html]
[egepenakcayapi.com/2019/08/index.html]
[egepenakcayapi.com/index7529.html]
[egepenakcayapi.com/indexde15.html]
[egepenakcayapi.com/indexb6d6.html]
[egepenakcayapi.com/index2207.html]
[egepenakcayapi.com/index414e.html]
[egepenakcayapi.com/indexe2eb.html]
[egepenakcayapi.com/indexcf64.html]
[www.egepen.com.tr/images/surme1.html]
[www.egepen.com.tr/images/surme2.html]
[www.egepen.com.tr/images/hs1.html]
[www.egepen.com.tr/images/hs3.html]
[www.egepen.com.tr/images/hs2.html]
[egepenakcayapi.com/index7f04.html]
[www.egepen.com.tr/images/legend-surme.html]
[www.egepen.com.tr/images/1096_cream.html]
[www.egepen.com.tr/images/color-krem-k.html]
[www.egepen.com.tr/images/Antik-Mese.html]
[www.egepen.com.tr/images/color-Antik-Mese-k.html]
[www.egepen.com.tr/images/1255_cherry.html]
[www.egepen.com.tr/images/color-Kiraz-k.html]
[www.egepen.com.tr/images/1110_goldenoak.html]
[www.egepen.com.tr/images/color-Altin-Mese-k.html]
[www.egepen.com.tr/images/1109_budakliwinchester.html]
[www.egepen.com.tr/images/color-Budakli-Winchester-k.html]
[www.egepen.com.tr/images/1154_hazelnut.html]
[www.egepen.com.tr/images/color-findik-k.html]
[www.egepen.com.tr/images/1413_winchester.html]
[www.egepen.com.tr/images/color-Winchester-k.html]
[www.egepen.com.tr/images/Vizon.html]
[www.egepen.com.tr/images/color-Vizon-k.html]
[www.egepen.com.tr/images/1072_anthracitegrey.html]
[www.egepen.com.tr/images/color-Antrasit-Gri-k.html]
[www.egepen.com.tr/images/1025_darkoak.html]
[www.egepen.com.tr/images/color-koyu-mese-k.html]
[www.egepen.com.tr/images/1430_venge.html]
[www.egepen.com.tr/images/color-Venge-k.html]
[www.egepen.com.tr/images/1925_silver.html]
[www.egepen.com.tr/images/color-gumus-k.html]
[www.egepen.com.tr/images/1921_ashblack.html]
[www.egepen.com.tr/images/color-Kul-Siyah-k.html]
[www.egepen.com.tr/images/egepen-kartela.html]
[www.egepen.com.tr/images/egepen-kartela-k.html]
[www.egepen.com.tr/images/metalik-antrasit-gri.html]
[www.egepen.com.tr/images/metalik-antrasit-gri-k.html]
[egepenakcayapi.com/index706d.html]
[www.egepen.com.tr/images/legend-art.html]
[egepenakcayapi.com/indexfcd9.html]
[egepenakcayapi.com/index5b49.html]
[egepenakcayapi.com/indexcd03.html]
[egepenakcayapi.com/indexefce.html]
[egepenakcayapi.com/2019/index.html]
[egepenakcayapi.com/2022/index.html]
[egepenakcayapi.com/indexa34f.html]
[egepenakcayapi.com/iletisim-egepenakcayapi-kimdir/index.html]
[egepenakcayapi.com/2023/index.html]
[egepenakcayapi.com/wp-json/wp/v2/users/1.html]
[egepenakcayapi.com/2022/index.html]
[egepenakcayapi.com/2019/index.html]
